// Jest Snapshot v1, https://goo.gl/fbAQLP

exports[`<Main /> should render the heading 1`] = `
<main
  class="sc-beyTiQ idnJbK"
>
  <h1>
    Test Library
  </h1>
</main>
`;
